// Jest Snapshot v1, https://goo.gl/fbAQLP

exports[`Icon component Icon renders 1`] = `
<div>
  <i
    class="CLASSNAME icon"
    icon="fal,cog"
  />
</div>
`;
