// Jest Snapshot v1, https://goo.gl/fbAQLP

exports[`ModalFooter Component ModalFooter renders 1`] = `
<div>
  <div
    class="container"
  >
    <div
      id="CHILD1"
    />
  </div>
</div>
`;
