// Jest Snapshot v1, https://goo.gl/fbAQLP

exports[`StaticDataTableFooter component StaticDataTableFooter renders with computeTotal 1`] = `
<div>
  <table>
    <tbody />
    <tfoot>
      <tr>
        <td
          class="table--footer--selectable"
        >
          Total
        </td>
        <td
          class=""
        >
          <div
            class="fieldGroup"
          >
            <div
              class="default readOnly table--cell-value--number-readonly"
            >
              <span
                class="typography"
              >
                -
              </span>
            </div>
          </div>
        </td>
      </tr>
    </tfoot>
  </table>
</div>
`;

exports[`StaticDataTableFooter component StaticDataTableFooter renders with computeTotal and custom localization 1`] = `
<div>
  <table>
    <tbody />
    <tfoot>
      <tr>
        <td
          class="table--footer--selectable"
        >
          Total
        </td>
        <td
          class=""
        >
          <div
            class="fieldGroup"
          >
            <div
              class="default readOnly table--cell-value--number-readonly"
            >
              <span
                class="typography"
              >
                -
              </span>
            </div>
          </div>
        </td>
      </tr>
    </tfoot>
  </table>
</div>
`;

exports[`StaticDataTableFooter component StaticDataTableFooterCell renders with computeTotal 1`] = `
<div>
  <table>
    <tbody />
  </table>
</div>
`;
