// Jest Snapshot v1, https://goo.gl/fbAQLP

exports[`Row Component renders properly 1`] = `
<div>
  <div
    class="row CLASSNAME"
    style="height: 30%;"
  >
    <div
      id="CHILD1"
    />
    <div
      id="CHILD2"
    />
  </div>
</div>
`;
