// Jest Snapshot v1, https://goo.gl/fbAQLP

exports[`Separator Component renders properly 1`] = `
<div>
  <hr
    class="footer"
  />
</div>
`;
